[www.httrack.com/index.html]
[backblue.gif]
[fade.gif]
[index.html]
[www.httrack.com/favicon.ico]
[www.httrack.com/images/bg_rings.png]
[www.httrack.com/fade.gif]
[cdnjs.cloudflare.com/ajax/libs/cookieconsent2/3.0.3/cookieconsent.min.css]
[cdnjs.cloudflare.com/ajax/libs/cookieconsent2/3.0.3/cookieconsent.min.js]
[www.httrack.com/images/header_title_4.png]
[www.httrack.com/page/2/en/index.html]
[www.httrack.com/html/index.html]
[www.httrack.com/page/7/en/index.html]
[www.httrack.com/page/1/fr/index.html]
[www.httrack.com/html/faq.html]
[www.httrack.com/page/2/index.html]
[www.httrack.com/page/20/en/index.html]
[www.httrack.com/images/screenshot_01.jpg]
[www.httrack.com/esp_chicklet.png]
[www.httrack.com/index.html]
[cdnjs.cloudflare.com/ajax/libs/cookieconsent2/3.0.3/cookieconsent.min.css]
[www.httrack.com/page/1/en/index.html]
[www.httrack.com/page/2/fr/index.html]
[pagead2.googlesyndication.com/pagead/f.txt]
[www.httrack.com/page/2/en/index.html]
[www.httrack.com/httrack.xml]
[www.httrack.com/src/index.html]
[www.httrack.com/html/images/bg_rings.gif]
[www.httrack.com/html/images/header_title_4.gif]
[www.httrack.com/html/overview.html]
[www.httrack.com/html/shelldoc.html]
[www.httrack.com/html/dev.html]
[www.httrack.com/html/fcguide.html]
[www.httrack.com/html/abuse.html]
[www.httrack.com/license.txt]
[www.httrack.com/html/index.html]
[www.httrack.com/html/contact.html]
[www.httrack.com/history.txt]
[www.httrack.com/page/7/fr/index.html]
[www.httrack.com/page/9/en/index.html]
[www.httrack.com/page/4/en/index.html]
[www.httrack.com/page/6/en/index.html]
[www.httrack.com/page/8/en/index.html]
[www.httrack.com/page/5/en/index.html]
[www.httrack.com/derivative.html]
[www.httrack.com/page/7/en/fade.html]
[www.httrack.com/icn/httbutton.gif]
[www.httrack.com/page/7/en/index.html]
[www.httrack.com/page/1/fr/index.html]
[www.httrack.com/page/20/fr/index.html]
[www.httrack.com/page/2/index.html]
[www.httrack.com/html/filters.html]
[www.httrack.com/html/faq.html]
[www.httrack.com/page/21/en/index.html]
[www.httrack.com/hts2/snap1.gif]
[www.httrack.com/hts2/snap2.gif]
[www.httrack.com/hts2/snap3.gif]
[www.httrack.com/hts2/snap4.gif]
[www.httrack.com/hts2/snap5.gif]
[www.httrack.com/hts2/snap6.gif]
[www.httrack.com/hts2/snap7.gif]
[www.httrack.com/page/20/en/index.html]
[www.httrack.com/page/1/en/index.html]
[www.httrack.com/page/2/fr/index.html]
[www.httrack.com/icons/blank.gif]
[www.httrack.com/icons/back.gif]
[www.httrack.com/src/indexc052.html]
[www.httrack.com/src/indexf8a0.html]
[www.httrack.com/icons/unknown.gif]
[www.httrack.com/src/indexbfec.html]
[www.httrack.com/src/index30b5.html]
[www.httrack.com/icons/text.gif]
[www.httrack.com/src/coucal.c]
[www.httrack.com/src/coucal.c.html]
[www.httrack.com/src/coucal.h]
[www.httrack.com/src/coucal.h.html]
[www.httrack.com/src/hts-indextmpl.h]
[www.httrack.com/src/hts-indextmpl.h.html]
[www.httrack.com/src/htsalias.c]
[www.httrack.com/src/htsalias.c.html]
[www.httrack.com/src/htsalias.h]
[www.httrack.com/src/htsalias.h.html]
[www.httrack.com/src/htsarrays.h]
[www.httrack.com/src/htsarrays.h.html]
[www.httrack.com/src/htsback.c]
[www.httrack.com/src/htsback.h]
[www.httrack.com/src/htsback.h.html]
[www.httrack.com/src/htsback.c.html]
[www.httrack.com/src/htsbase.h]
[www.httrack.com/src/htsbase.h.html]
[www.httrack.com/src/htsbasenet.h]
[www.httrack.com/src/htsbasenet.h.html]
[www.httrack.com/src/htsbasiccharsets.sh]
[www.httrack.com/src/htsbauth.c]
[www.httrack.com/src/htsbauth.c.html]
[www.httrack.com/src/htsbauth.h]
[www.httrack.com/src/htsbauth.h.html]
[www.httrack.com/src/htscache.c]
[www.httrack.com/src/htscache.c.html]
[www.httrack.com/src/htscache.h]
[www.httrack.com/src/htscache.h.html]
[www.httrack.com/src/htscatchurl.c]
[www.httrack.com/src/htscatchurl.c.html]
[www.httrack.com/src/htscatchurl.h]
[www.httrack.com/src/htscatchurl.h.html]
[www.httrack.com/src/htscharset.c]
[www.httrack.com/src/htscharset.c.html]
[www.httrack.com/src/htscharset.h]
[www.httrack.com/src/htscharset.h.html]
[www.httrack.com/src/htscodepages.h]
[www.httrack.com/src/htscodepages.h.html]
[www.httrack.com/src/htsconcat.c]
[www.httrack.com/src/htsconcat.c.html]
[www.httrack.com/src/htsconfig.h]
[www.httrack.com/src/htsconfig.h.html]
[www.httrack.com/src/htscore.c]
[www.httrack.com/src/htscore.c.html]
[www.httrack.com/src/htscore.h]
[www.httrack.com/src/htscore.h.html]
[www.httrack.com/src/htscoremain.c]
[www.httrack.com/src/htscoremain.h]
[www.httrack.com/src/htscoremain.c.html]
[www.httrack.com/src/htscoremain.h.html]
[www.httrack.com/src/htsdefines.h]
[www.httrack.com/src/htsdefines.h.html]
[www.httrack.com/src/htsencoding.c]
[www.httrack.com/src/htsencoding.c.html]
[www.httrack.com/src/htsencoding.h]
[www.httrack.com/src/htsencoding.h.html]
[www.httrack.com/src/htsentities.h]
[www.httrack.com/src/htsentities.h.html]
[www.httrack.com/src/htsentities.sh]
[www.httrack.com/src/htsfilters.c]
[www.httrack.com/src/htsfilters.c.html]
[www.httrack.com/src/htsfilters.h]
[www.httrack.com/src/htsfilters.h.html]
[www.httrack.com/src/htsftp.c]
[www.httrack.com/src/htsftp.c.html]
[www.httrack.com/src/htsftp.h]
[www.httrack.com/src/htsftp.h.html]
[www.httrack.com/src/htsglobal.h]
[www.httrack.com/src/htsglobal.h.html]
[www.httrack.com/src/htshash.c]
[www.httrack.com/src/htshash.c.html]
[www.httrack.com/src/htshash.h]
[www.httrack.com/src/htshash.h.html]
[www.httrack.com/src/htshelp.c]
[www.httrack.com/src/htshelp.c.html]
[www.httrack.com/src/htshelp.h]
[www.httrack.com/src/htshelp.h.html]
[www.httrack.com/src/htsindex.c]
[www.httrack.com/src/htsindex.c.html]
[www.httrack.com/src/htsindex.h]
[www.httrack.com/src/htsindex.h.html]
[www.httrack.com/src/htsjava.c]
[www.httrack.com/src/htsjava.c.html]
[www.httrack.com/src/htsjava.h]
[www.httrack.com/src/htsjava.h.html]
[www.httrack.com/src/htslib.c]
[www.httrack.com/src/htslib.h]
[www.httrack.com/src/htslib.c.html]
[www.httrack.com/src/htslib.h.html]
[www.httrack.com/src/htsmd5.c]
[www.httrack.com/src/htsmd5.c.html]
[www.httrack.com/src/htsmd5.h]
[www.httrack.com/src/htsmd5.h.html]
[www.httrack.com/src/htsmodules.c]
[www.httrack.com/src/htsmodules.c.html]
[www.httrack.com/src/htsmodules.h]
[www.httrack.com/src/htsmodules.h.html]
[www.httrack.com/src/htsname.c]
[www.httrack.com/src/htsname.h]
[www.httrack.com/src/htsname.c.html]
[www.httrack.com/src/htsname.h.html]
[www.httrack.com/src/htsnet.h]
[www.httrack.com/src/htsnet.h.html]
[www.httrack.com/src/htsopt.h]
[www.httrack.com/src/htsopt.h.html]
[www.httrack.com/src/htsparse.c]
[www.httrack.com/src/htsparse.c.html]
[www.httrack.com/src/htsparse.h]
[www.httrack.com/src/htsparse.h.html]
[www.httrack.com/src/htsrobots.c]
[www.httrack.com/src/htsrobots.c.html]
[www.httrack.com/src/htsrobots.h]
[www.httrack.com/src/htsrobots.h.html]
[www.httrack.com/src/htssafe.h]
[www.httrack.com/src/htssafe.h.html]
[www.httrack.com/src/htsserver.c]
[www.httrack.com/src/htsserver.c.html]
[www.httrack.com/src/htsserver.h]
[www.httrack.com/src/htsserver.h.html]
[www.httrack.com/src/htsstrings.h]
[www.httrack.com/src/htsstrings.h.html]
[www.httrack.com/src/htsthread.c]
[www.httrack.com/src/htsthread.c.html]
[www.httrack.com/src/htsthread.h]
[www.httrack.com/src/htsthread.h.html]
[www.httrack.com/src/htstools.c]
[www.httrack.com/src/htstools.c.html]
[www.httrack.com/src/htstools.h]
[www.httrack.com/src/htstools.h.html]
[www.httrack.com/src/htsweb.c]
[www.httrack.com/src/htsweb.c.html]
[www.httrack.com/src/htsweb.h]
[www.httrack.com/src/htsweb.h.html]
[www.httrack.com/src/htswizard.c]
[www.httrack.com/src/htswizard.c.html]
[www.httrack.com/src/htswizard.h]
[www.httrack.com/src/htswizard.h.html]
[www.httrack.com/src/htswrap.c]
[www.httrack.com/src/htswrap.c.html]
[www.httrack.com/src/htswrap.h]
[www.httrack.com/src/htswrap.h.html]
[www.httrack.com/src/htszlib.c]
[www.httrack.com/src/htszlib.c.html]
[www.httrack.com/src/htszlib.h]
[www.httrack.com/src/htszlib.h.html]
[www.httrack.com/src/httrack-library.h]
[www.httrack.com/src/httrack-library.h.html]
[www.httrack.com/src/httrack.c]
[www.httrack.com/src/httrack.c.html]
[www.httrack.com/src/httrack.h]
[www.httrack.com/src/httrack.h.html]
[www.httrack.com/src/md5.c]
[www.httrack.com/src/md5.c.html]
[www.httrack.com/src/md5.h]
[www.httrack.com/src/md5.h.html]
[www.httrack.com/icons/folder.gif]
[www.httrack.com/src/murmurhash3.h]
[www.httrack.com/src/minizip/index.html]
[www.httrack.com/src/murmurhash3.h.diff]
[www.httrack.com/src/murmurhash3.h.html]
[www.httrack.com/src/murmurhash3.h.orig]
[www.httrack.com/src/punycode.c]
[www.httrack.com/src/punycode.c.html]
[www.httrack.com/src/proxy/index.html]
[www.httrack.com/src/punycode.h]
[www.httrack.com/src/punycode.h.html]
[www.httrack.com/src/index.html]
[www.httrack.com/html/fade.html]
[www.httrack.com/html/img/snap4_a.gif]
[www.httrack.com/html/overview.html]
[www.httrack.com/html/images/screenshot_01.jpg]
[www.httrack.com/html/images/screenshot_01b.jpg]
[www.httrack.com/html/step.html]
[www.httrack.com/html/shelldoc.html]
[www.httrack.com/html/step9.html]
[www.httrack.com/html/fcguide.html]
[www.httrack.com/html/scripting.html]
[www.httrack.com/html/plug.html]
[www.httrack.com/html/plug_330.html]
[www.httrack.com/html/library.html]
[www.httrack.com/html/dev.html]
[www.httrack.com/html/cache.html]
[www.httrack.com/html/abuse.html]
[www.httrack.com/html/contact.html]
[www.httrack.com/page/9/fr/index.html]
[www.httrack.com/page/4/fr/index.html]
[www.httrack.com/page/5/fr/index.html]
[www.httrack.com/page/6/fr/index.html]
[www.httrack.com/page/8/fr/index.html]
[www.httrack.com/page/7/fr/fade.html]
[www.httrack.com/page/7/fr/index.html]
[www.httrack.com/hts/softpile.gif]
[www.httrack.com/hts/mp_small.gif]
[www.httrack.com/hts/clubic.gif]
[www.httrack.com/hts/sel-clubic80.gif]
[www.httrack.com/hts/freeaward.gif]
[www.httrack.com/hts/2006LinkBtn.gif]
[www.httrack.com/hts/webattack.gif]
[www.httrack.com/page/9/en/index.html]
[www.httrack.com/page/4/en/index.html]
[www.httrack.com/page/5/en/index.html]
[www.httrack.com/page/6/en/index.html]
[www.paypalobjects.com/images/x-click-but02.png]
[www.httrack.com/page/8/en/index.html]
[www.httrack.com/images/bg_rings.gif]
[www.httrack.com/images/header_title_4.gif]
[www.httrack.com/page/7.html]
[www.httrack.com/derivative.html]
[www.httrack.com/page/7/en/fade.html]
[www.httrack.com/page/21/fr/index.html]
[www.httrack.com/page/20/fr/index.html]
[www.httrack.com/html/filters.html]
[www.httrack.com/htsw/screenshot_w1.jpg]
[www.httrack.com/htsw/screenshot_w2.jpg]
[www.httrack.com/htsw/screenshot_w3.jpg]
[www.httrack.com/htsw/screenshot_w4.jpg]
[www.httrack.com/htsw/screenshot_w5.jpg]
[www.httrack.com/htsw/screenshot_w6.jpg]
[www.httrack.com/htsw/screenshot_w7.jpg]
[www.httrack.com/page/21/en/index.html]
[www.httrack.com/src/indexc052.html]
[www.httrack.com/src/indexf8a0.html]
[www.httrack.com/src/indexbfec.html]
[www.httrack.com/src/indexb70a.html]
[www.httrack.com/src/index30b5.html]
[www.httrack.com/src/index72c9.html]
[www.httrack.com/src/Makefile.html]
[www.httrack.com/src/index5851.html]
[www.httrack.com/src/Makefile-2.html]
[www.httrack.com/src/coucal.c.html]
[www.httrack.com/src/coucal.h.html]
[www.httrack.com/src/indexad3f.html]
[www.httrack.com/src/hts-indextmpl.h.html]
[www.httrack.com/src/htsalias.c.html]
[www.httrack.com/src/htsalias.h.html]
[www.httrack.com/src/htsarrays.h.html]
[www.httrack.com/src/htsback.c.html]
[www.httrack.com/src/htsback.h.html]
[www.httrack.com/src/htsbase.h.html]
[www.httrack.com/src/htsbasenet.h.html]
[www.httrack.com/src/htsbauth.c.html]
[www.httrack.com/src/htsbauth.h.html]
[www.httrack.com/src/htscache.c.html]
[www.httrack.com/src/htscache.h.html]
[www.httrack.com/src/htscatchurl.c.html]
[www.httrack.com/src/htscatchurl.h.html]
[www.httrack.com/src/htscharset.c.html]
[www.httrack.com/src/htscharset.h.html]
[www.httrack.com/src/htscodepages.h.html]
[www.httrack.com/src/htsconcat.c.html]
[www.httrack.com/src/htsconfig.h.html]
[www.httrack.com/src/htscore.c.html]
[www.httrack.com/src/htscore.h.html]
[www.httrack.com/src/htscoremain.c.html]
[www.httrack.com/src/htscoremain.h.html]
[www.httrack.com/src/htsdefines.h.html]
[www.httrack.com/src/htsencoding.c.html]
[www.httrack.com/src/htsencoding.h.html]
[www.httrack.com/src/htsentities.h.html]
[www.httrack.com/src/htsfilters.c.html]
[www.httrack.com/src/htsfilters.h.html]
[www.httrack.com/src/htsftp.c.html]
[www.httrack.com/src/htsftp.h.html]
[www.httrack.com/src/htsglobal.h.html]
[www.httrack.com/src/htshash.c.html]
[www.httrack.com/src/htshash.h.html]
[www.httrack.com/src/htshelp.c.html]
[www.httrack.com/src/htshelp.h.html]
[www.httrack.com/src/htsindex.c.html]
[www.httrack.com/src/htsindex.h.html]
[www.httrack.com/src/htsjava.c.html]
[www.httrack.com/src/htsjava.h.html]
[www.httrack.com/src/htsjava.html]
[www.httrack.com/src/htslib.c.html]
[www.httrack.com/src/htslib.h.html]
[www.httrack.com/src/htsmd5.c.html]
[www.httrack.com/src/htsmd5.h.html]
[www.httrack.com/src/htsmodules.c.html]
[www.httrack.com/src/htsmodules.h.html]
[www.httrack.com/src/htsname.c.html]
[www.httrack.com/src/htsname.h.html]
[www.httrack.com/src/htsnet.h.html]
[www.httrack.com/src/htsopt.h.html]
[www.httrack.com/src/htsparse.c.html]
[www.httrack.com/src/htsparse.h.html]
[www.httrack.com/src/htsrobots.c.html]
[www.httrack.com/src/htsrobots.h.html]
[www.httrack.com/src/htssafe.h.html]
[www.httrack.com/src/htsserver.c.html]
[www.httrack.com/src/htsserver.h.html]
[www.httrack.com/src/htsstrings.h.html]
[www.httrack.com/src/htsthread.c.html]
[www.httrack.com/src/htsthread.h.html]
[www.httrack.com/src/htstools.c.html]
[www.httrack.com/src/htstools.h.html]
[www.httrack.com/src/htsweb.c.html]
[www.httrack.com/src/htsweb.h.html]
[www.httrack.com/src/htswizard.c.html]
[www.httrack.com/src/htswizard.h.html]
[www.httrack.com/src/htswrap.c.html]
[www.httrack.com/src/htswrap.h.html]
[www.httrack.com/src/htszlib.c.html]
[www.httrack.com/src/htszlib.h.html]
[www.httrack.com/src/httrack-library.h.html]
[www.httrack.com/src/httrack.c.html]
[www.httrack.com/src/httrack.html]
[www.httrack.com/src/httrack-2.html]
[www.httrack.com/src/httrack.h.html]
[www.httrack.com/src/httrack-3.html]
[www.httrack.com/src/libhttrack.html]
[www.httrack.com/src/libhttrack-2.html]
[www.httrack.com/src/minizip/ioapi.c]
[www.httrack.com/src/minizip/iowin32.c]
[www.httrack.com/src/minizip/mztools.c]
[www.httrack.com/src/minizip/unzip.c]
[www.httrack.com/src/minizip/zip.c]
[www.httrack.com/src/minizip/crypt.h]
[www.httrack.com/src/minizip/ioapi.h]
[www.httrack.com/src/minizip/iowin32.h]
[www.httrack.com/src/minizip/mztools.h]
[www.httrack.com/src/minizip/unzip.h]
[www.httrack.com/src/minizip/zip.h]
[www.httrack.com/src/libhttrack-3.html]
[www.httrack.com/src/md5.c.html]
[www.httrack.com/src/md5.h.html]
[www.httrack.com/src/minizip/indexc052.html]
[www.httrack.com/src/minizip/indexbfec.html]
[www.httrack.com/src/minizip/indexf8a0.html]
[www.httrack.com/src/minizip/index30b5.html]
[www.httrack.com/src/minizip/MiniZip64_Changes.txt]
[www.httrack.com/src/minizip/MiniZip64_info.txt]
[www.httrack.com/src/minizip/crypt.h.html]
[www.httrack.com/src/minizip/ioapi.c.diff]
[www.httrack.com/src/minizip/ioapi.c.html]
[www.httrack.com/src/minizip/ioapi.c.orig]
[www.httrack.com/src/minizip/ioapi.h.diff]
[www.httrack.com/src/minizip/ioapi.h.html]
[www.httrack.com/src/minizip/ioapi.h.orig]
[www.httrack.com/src/minizip/iowin32.c.html]
[www.httrack.com/src/minizip/iowin32.h.html]
[www.httrack.com/src/minizip/mztools.c.diff]
[www.httrack.com/src/minizip/mztools.c.html]
[www.httrack.com/src/minizip/mztools.c.orig]
[www.httrack.com/src/minizip/mztools.h.html]
[www.httrack.com/src/minizip/unzip.c.html]
[www.httrack.com/src/minizip/unzip.h.html]
[www.httrack.com/src/minizip/zip.c.diff]
[www.httrack.com/src/minizip/zip.c.html]
[www.httrack.com/src/minizip/zip.c.orig]
[www.httrack.com/src/minizip/zip.h.diff]
[www.httrack.com/src/minizip/zip.h.html]
[www.httrack.com/src/minizip/zip.h.orig]
[www.httrack.com/src/minizip/index.html]
[www.httrack.com/src/murmurhash3.h.html]
[www.httrack.com/src/proxy/indexf8a0.html]
[www.httrack.com/src/proxy/indexc052.html]
[www.httrack.com/src/proxy/index30b5.html]
[www.httrack.com/src/proxy/indexbfec.html]
[www.httrack.com/src/proxy/changelog.txt]
[www.httrack.com/src/proxy/main.c]
[www.httrack.com/src/proxy/main.c.html]
[www.httrack.com/src/proxy/proxystrings.h]
[www.httrack.com/src/proxy/proxystrings.h.html]
[www.httrack.com/src/proxy/proxytrack.c]
[www.httrack.com/src/proxy/proxytrack.c.html]
[www.httrack.com/src/proxy/proxytrack.h]
[www.httrack.com/src/proxy/proxytrack.h.html]
[www.httrack.com/src/proxy/store.c]
[www.httrack.com/src/proxy/store.c.html]
[www.httrack.com/src/proxy/store.h]
[www.httrack.com/src/proxy/index.html]
[www.httrack.com/src/punycode.c.html]
[www.httrack.com/src/punycode.h.html]
[www.httrack.com/src/webhttrack.html]
[www.httrack.com/src/webhttrack-2.html]
[www.httrack.com/src/webhttrack-3.html]
[www.httrack.com/src/proxy/store.h.html]
[www.httrack.com/src/webhttrack-4.html]
[www.httrack.com/html/step1.html]
[www.httrack.com/html/step2.html]
[www.httrack.com/html/step3.html]
[www.httrack.com/html/step4.html]
[www.httrack.com/html/step.html]
[www.httrack.com/html/step5.html]
[www.httrack.com/html/step9_opt6.html]
[www.httrack.com/html/step9_opt5.html]
[www.httrack.com/html/step9_opt1.html]
[www.httrack.com/html/step9_opt3.html]
[www.httrack.com/html/step9_opt2.html]
[www.httrack.com/html/step9_opt4.html]
[www.httrack.com/html/step9_opt7.html]
[www.httrack.com/html/step9_opt11.html]
[www.httrack.com/html/step9_opt8.html]
[www.httrack.com/html/step9_opt9.html]
[www.httrack.com/html/step9_opt10.html]
[www.httrack.com/html/img/snap9.gif]
[www.httrack.com/html/step9.html]
[www.httrack.com/html/img/fade.gif]
[www.httrack.com/html/div/search.sh]
[www.httrack.com/html/scripting.html]
[www.httrack.com/html/plug.html]
[www.httrack.com/html/plug_330.html]
[www.httrack.com/html/library.html]
[www.httrack.com/html/cache.html]
[www.httrack.com/page/9/fr/index.html]
[www.httrack.com/page/4/fr/index.html]
[www.httrack.com/page/5/fr/index.html]
[www.httrack.com/page/6/fr/index.html]
[www.httrack.com/page/8/fr/index.html]
[www.httrack.com/page/7/fr/fade.html]
[www.httrack.com/page/fade.html]
[www.httrack.com/page/7.html]
[www.httrack.com/page/21/fr/index.html]
[www.httrack.com/src/indexb70a.html]
[www.httrack.com/src/index72c9.html]
[www.httrack.com/src/index5851.html]
[www.httrack.com/src/indexad3f.html]
[www.httrack.com/src/$(OutDir)/htsjava.html]
[www.httrack.com/src/Release_avec_debug/httrack.html]
[www.httrack.com/src/Debug/httrack.html]
[www.httrack.com/src/mmsrip/common.html]
[www.httrack.com/src/changelog.html]
[www.httrack.com/src/minizip/indexc052.html]
[www.httrack.com/src/minizip/indexf8a0.html]
[www.httrack.com/src/minizip/indexbfec.html]
[www.httrack.com/src/minizip/index30b5.html]
[www.httrack.com/src/minizip/indexb70a.html]
[www.httrack.com/src/minizip/index72c9.html]
[www.httrack.com/src/minizip/crypt.h.html]
[www.httrack.com/src/minizip/ioapi.c.html]
[www.httrack.com/src/minizip/ioapi.h.html]
[www.httrack.com/src/minizip/iowin32.c.html]
[www.httrack.com/src/minizip/iowin32.h.html]
[www.httrack.com/src/minizip/mztools.c.html]
[www.httrack.com/src/minizip/mztools.h.html]
[www.httrack.com/src/minizip/unzip.c.html]
[www.httrack.com/src/minizip/unzip.h.html]
[www.httrack.com/src/minizip/zip.c.html]
[www.httrack.com/src/minizip/zip.h.html]
[www.httrack.com/src/proxy/indexc052.html]
[www.httrack.com/src/proxy/indexf8a0.html]
[www.httrack.com/src/minizip/index5851.html]
[www.httrack.com/src/minizip/indexad3f.html]
[www.httrack.com/src/proxy/indexbfec.html]
[www.httrack.com/src/proxy/index30b5.html]
[www.httrack.com/src/proxy/indexb70a.html]
[www.httrack.com/src/proxy/index72c9.html]
[www.httrack.com/src/proxy/AUTHORS.html]
[www.httrack.com/src/proxy/COPYING.html]
[www.httrack.com/src/proxy/main.c.html]
[www.httrack.com/src/proxy/proxystrings.h.html]
[www.httrack.com/src/proxy/proxytrack.c.html]
[www.httrack.com/src/proxy/proxytrack.h.html]
[www.httrack.com/src/proxy/index5851.html]
[www.httrack.com/src/proxy/indexad3f.html]
[www.httrack.com/src/proxy/proxytrack.html]
[www.httrack.com/src/proxy/store.c.html]
[www.httrack.com/src/proxy/store.h.html]
[www.httrack.com/src/Debug/webhttrack.html]
[www.httrack.com/src/ReadMe.html]
[www.httrack.com/html/img/snap1_c.gif]
[www.httrack.com/html/img/snap1_a.gif]
[www.httrack.com/html/img/snap1_b.gif]
[www.httrack.com/html/step1.html]
[www.httrack.com/html/img/snap2_a.gif]
[www.httrack.com/html/img/snap2_b.gif]
[www.httrack.com/html/step2.html]
[www.httrack.com/html/addurl.html]
[www.httrack.com/html/img/snap3_a.gif]
[www.httrack.com/html/step3.html]
[www.httrack.com/html/step4.html]
[www.httrack.com/html/img/snap5_a.gif]
[www.httrack.com/html/step5.html]
[www.httrack.com/html/img/snap9_f.gif]
[www.httrack.com/html/step9_opt6.html]
[www.httrack.com/html/img/snap9_e.gif]
[www.httrack.com/html/step9_opt5.html]
[www.httrack.com/html/img/snap9_a.gif]
[www.httrack.com/html/step9_opt1.html]
[www.httrack.com/html/img/snap9_c.gif]
[www.httrack.com/html/step9_opt3.html]
[www.httrack.com/html/img/snap9_b.gif]
[www.httrack.com/html/step9_opt2.html]
[www.httrack.com/html/img/snap9_d.gif]
[www.httrack.com/html/img/snap9_d2.gif]
[www.httrack.com/html/img/snap9_d3.gif]
[www.httrack.com/html/img/snap9_d4.gif]
[www.httrack.com/html/img/snap9_d5.gif]
[www.httrack.com/html/img/snap9_d6.gif]
[www.httrack.com/html/img/snap9_d7.gif]
[www.httrack.com/html/img/snap9_d8.gif]
[www.httrack.com/html/step9_opt4.html]
[www.httrack.com/html/img/snap9_g.gif]
[www.httrack.com/html/img/snap9_g2.gif]
[www.httrack.com/html/img/snap9_g3.gif]
[www.httrack.com/html/step9_opt7.html]
[www.httrack.com/html/img/snap9_k.gif]
[www.httrack.com/html/step9_opt11.html]
[www.httrack.com/html/img/snap9_h.gif]
[www.httrack.com/html/step9_opt8.html]
[www.httrack.com/html/img/snap9_i.gif]
[www.httrack.com/html/step9_opt9.html]
[www.httrack.com/html/img/snap9_j.gif]
[www.httrack.com/html/step9_opt10.html]
[www.httrack.com/page/fade.html]
[www.httrack.com/src/minizip/indexb70a.html]
[www.httrack.com/src/minizip/index72c9.html]
[www.httrack.com/src/minizip/index5851.html]
[www.httrack.com/src/minizip/indexad3f.html]
[www.httrack.com/src/proxy/indexb70a.html]
[www.httrack.com/src/proxy/index72c9.html]
[www.httrack.com/src/proxy/index5851.html]
[www.httrack.com/src/proxy/indexad3f.html]
[www.httrack.com/src/proxy/$(OutDir)/proxytrack.html]
[www.httrack.com/html/img/addurl1.gif]
[www.httrack.com/html/img/addurl2.gif]
[www.httrack.com/html/img/addurl3.gif]
[www.httrack.com/html/img/addurl4.gif]
[www.httrack.com/html/img/addurl5.gif]
[www.httrack.com/html/addurl.html]
